[
  {
    "id": "weeklyl",
    "font": "BebasNeue-Regular",
    "bold": true,
    "italic": true,
    "shadow": true,
    "contour": 0.0,
    "sizeTop": 90,
    "sizeBottom": 75,
    "angleTop": -2.0,
    "angleBottom": -2.0,
    "downOffsetTop": [
      10,
      5
    ],
    "downOffsetBottom": [
      0,
      -5
    ]
  },
  {
    "id": "invicta",
    "font": "BebasNeue-Regular",
    "bold": true,
    "italic": true,
    "shadow": true,
    "contour": 0.0,
    "sizeTop": 90,
    "sizeBottom": 75,
    "angleTop": -2.0,
    "angleBottom": -2.0,
    "downOffsetTop": [
      10,
      5
    ],
    "downOffsetBottom": [
      0,
      -5
    ]
  },
  {
    "id": "mushroommadness",
    "font": "BebasNeue-Regular",
    "bold": true,
    "italic": true,
    "shadow": true,
    "contour": 0.0,
    "sizeTop": 90,
    "sizeBottom": 75,
    "angleTop": -2.0,
    "angleBottom": -2.0,
    "downOffsetTop": [
      10,
      5
    ],
    "downOffsetBottom": [
      0,
      -5
    ]
  },
  {
    "id": "returnofaether",
    "font": "BebasNeue-Regular",
    "bold": true,
    "italic": true,
    "shadow": true,
    "contour": 0.0,
    "sizeTop": 90,
    "sizeBottom": 75,
    "angleTop": -2.0,
    "angleBottom": -2.0,
    "downOffsetTop": [
      10,
      5
    ],
    "downOffsetBottom": [
      0,
      -5
    ]
  },
  {
    "id": "fdt",
    "font": "BebasNeue-Regular",
    "bold": true,
    "italic": true,
    "shadow": true,
    "contour": 0.0,
    "sizeTop": 90,
    "sizeBottom": 75,
    "angleTop": -2.0,
    "angleBottom": -2.0,
    "downOffsetTop": [
      10,
      5
    ],
    "downOffsetBottom": [
      0,
      -5
    ]
  },
  {
    "id": "ragelx",
    "font": "BebasNeue-Regular",
    "bold": true,
    "italic": true,
    "shadow": true,
    "contour": 0.0,
    "sizeTop": 90,
    "sizeBottom": 75,
    "angleTop": -2.0,
    "angleBottom": -2.0,
    "downOffsetTop": [
      10,
      5
    ],
    "downOffsetBottom": [
      0,
      -5
    ]
  },
  {
    "id": "TGF",
    "font": "BebasNeue-Regular",
    "bold": true,
    "italic": true,
    "shadow": true,
    "contour": 0.0,
    "sizeTop": 90,
    "sizeBottom": 75,
    "angleTop": -2.0,
    "angleBottom": -2.0,
    "downOffsetTop": [
      10,
      5
    ],
    "downOffsetBottom": [
      0,
      -5
    ]
  }
]